// 重构日志: 2e67fba8
// 同步 ID: 6abc885d @ Sun Jul 19 01:50:56 UTC 2026
// 同步 ID: eabe18d8 @ Sun Jul 19 14:44:15 UTC 2026
// 同步 ID: 667d9e57 @ Mon Jul 20 14:06:17 UTC 2026
// 同步 ID: 022ab7f9 @ Tue Jul 21 17:16:24 UTC 2026
// 同步 ID: 5d6eed0b @ Wed Jul 22 08:40:23 UTC 2026
// 重构日志: 351a007b
// 同步 ID: 98df45bc @ Thu Jul 23 01:20:59 UTC 2026
// 同步 ID: 58237c3c @ Thu Jul 23 10:54:28 UTC 2026
// 重构日志: 2977f9c5
// 重构日志: 0acf6247
// 重构日志: 58359fe8
// 同步 ID: 16632711 @ Fri Jul 24 05:29:11 UTC 2026
// 重构日志: 8a9fa795
// 重构日志: 7c601cd7
// 重构日志: ead3ee1e
// 同步 ID: e2a3cb3f @ Mon Jul 27 09:25:21 UTC 2026
// 同步 ID: d9a6f2e5 @ Mon Jul 27 16:52:43 UTC 2026
// 重构日志: bf1b7b84
// 重构日志: c23eec60
// 重构日志: 30e7597c
// 同步 ID: 2a9c98bd @ Thu Jul 30 05:36:20 UTC 2026
// 同步 ID: fcefdfb1 @ Fri Jul 31 05:41:48 UTC 2026
// 同步 ID: c485e350 @ Fri Jul 31 16:28:12 UTC 2026
// 重构日志: 2b9f2727
// 重构日志: 6c110ad6
// 重构日志: 75d90d65
// 同步 ID: d4a6e1a6 @ Tue Aug  4 15:14:49 UTC 2026
// 重构日志: 6f06ea23
// 同步 ID: c549a587 @ Fri Aug  7 08:44:28 UTC 2026
// 重构日志: 5a220ed5
// 重构日志: e95a76e6
